 Downloading crates ...
  Downloaded adler2 v2.0.1
  Downloaded ahash v0.8.12
  Downloaded clickhouse-macros v0.3.0
  Downloaded const_str_slice_concat v0.1.0
  Downloaded ct-codecs v1.1.7
  Downloaded dunce v1.0.5
  Downloaded home v0.5.12
  Downloaded getrandom v0.3.4
  Downloaded getrandom v0.4.3
  Downloaded csv v1.4.0
  Downloaded idna_adapter v1.2.2
  Downloaded include_dir_macros v0.7.4
  Downloaded leptos_meta v0.8.6
  Downloaded mime v0.3.17
  Downloaded mac v0.1.1
  Downloaded once_cell v1.21.4
  Downloaded indexmap v2.14.0
  Downloaded mime_guess v2.0.5
  Downloaded icu_calendar v2.2.1
  Downloaded nu-ansi-term v0.50.3
  Downloaded rand_xoshiro v0.7.0
  Downloaded sea-query-derive v0.4.3
  Downloaded pin-project-lite v0.2.17
  Downloaded prettyplease v0.2.37
  Downloaded rexie v0.6.2
  Downloaded rustls-pki-types v1.14.1
  Downloaded serde_cow v0.1.2
  Downloaded string_cache_codegen v0.5.4
  Downloaded tokio-rustls v0.26.4
  Downloaded thiserror v1.0.69
  Downloaded thiserror-impl v1.0.69
  Downloaded unicode-vo v0.1.0
  Downloaded unicode-script v0.5.8
  Downloaded unicode-properties v0.1.4
  Downloaded unicode-ccc v0.4.0
  Downloaded unicode-bidi-mirroring v0.4.0
  Downloaded ureq-proto v0.6.0
  Downloaded untrusted v0.9.0
  Downloaded unsafe-libyaml v0.2.11
  Downloaded wasm_split_macros v0.2.2
  Downloaded utf8_iter v1.0.4
  Downloaded regex-syntax v0.8.11
  Downloaded wyz v0.5.1
  Downloaded zstd-safe v7.2.4
  Downloaded want v0.3.1
  Downloaded zerovec-derive v0.11.3
  Downloaded yoke-derive v0.8.2
  Downloaded y4m v0.8.0
  Downloaded xxhash-rust v0.8.15
  Downloaded zstd v0.13.3
  Downloaded rustls-webpki v0.102.8
  Downloaded rustls v0.21.12
  Downloaded ureq v3.3.0
  Downloaded webpki-roots v1.0.8
  Downloaded wast v252.0.0
  Downloaded winnow v1.0.3
  Downloaded wasm-encoder v0.252.0
  Downloaded wasmi v1.1.0
  Downloaded zune-core v0.5.1
  Downloaded zune-inflate v0.2.54
  Downloaded winnow v0.7.15
  Downloaded webpki-roots v0.25.4
  Downloaded zerotrie v0.2.4
  Downloaded rust-stemmers v1.2.0
  Downloaded zerocopy v0.8.52
  Downloaded zerovec v0.11.6
  Downloaded zerocopy-derive v0.8.52
  Downloaded zip v2.4.2
  Downloaded time v0.3.51
  Downloaded tiny-skia v0.12.0
  Downloaded tiff v0.11.3
  Downloaded yansi v1.0.1
  Downloaded web-sys v0.3.102
  Downloaded tantivy v0.26.1
  Downloaded tantivy-columnar v0.7.0
  Downloaded xml-builder v0.5.4
  Downloaded tar v0.4.46
  Downloaded twox-hash v2.1.2
  Downloaded tungstenite v0.21.0
  Downloaded wide v0.7.33
  Downloaded tokio v1.52.3
  Downloaded tantivy-fst v0.5.0
  Downloaded wasmparser v0.252.0
  Downloaded wasm-bindgen-macro-support v0.2.125
  Downloaded typesize-derive v0.1.11
  Downloaded typesize v0.1.15
  Downloaded typemap_rev v0.3.0
  Downloaded typeid v1.0.3
  Downloaded typed-builder-macro v0.23.2
  Downloaded sea-orm v1.1.20
  Downloaded typed-builder v0.23.2
  Downloaded rustybuzz v0.20.1
  Downloaded toml_edit v0.25.12+spec-1.1.0
  Downloaded toml_edit v0.22.27
  Downloaded tower v0.5.3
  Downloaded tracing-subscriber v0.3.23
  Downloaded tower-http v0.6.11
  Downloaded tokio-util v0.7.18
  Downloaded tungstenite v0.29.0
  Downloaded typenum v1.20.1
  Downloaded tracing v0.1.44
  Downloaded sea-schema v0.16.2
  Downloaded zune-jpeg v0.5.15
  Downloaded ttf-parser v0.25.1
  Downloaded wasmparser v0.239.0
  Downloaded zstd-sys v2.0.16+zstd.1.5.7
  Downloaded wasm-bindgen v0.2.125
  Downloaded tracing-core v0.1.36
  Downloaded toml v1.1.2+spec-1.1.0
  Downloaded vcpkg v0.2.15
  Downloaded usvg v0.47.0
  Downloaded url v2.5.8
  Downloaded triomphe v0.1.15
  Downloaded tracing-log v0.2.0
  Downloaded tracing-attributes v0.1.31
  Downloaded tower-service v0.3.3
  Downloaded tower-layer v0.3.3
  Downloaded toml_writer v1.1.1+spec-1.1.0
  Downloaded toml_parser v1.1.2+spec-1.1.0
  Downloaded toml_datetime v1.1.1+spec-1.1.0
  Downloaded toml v0.8.23
  Downloaded tokio-tungstenite v0.29.0
  Downloaded tokio-tungstenite v0.21.0
  Downloaded tokio-stream v0.1.18
  Downloaded schemars v1.2.1
  Downloaded schemars v0.9.0
  Downloaded safe_arch v0.7.4
  Downloaded unicode-width v0.2.2
  Downloaded unicode-segmentation v1.13.3
  Downloaded unicode-normalization v0.1.25
  Downloaded unic-langid-impl v0.9.6
  Downloaded try-lock v0.2.5
  Downloaded trim-in-place v0.1.7
  Downloaded toml_datetime v0.6.11
  Downloaded rustls v0.23.41
  Downloaded rustls v0.22.4
  Downloaded rustix v1.1.4
  Downloaded rustls-webpki v0.101.7
  Downloaded rust_decimal v1.42.1
  Downloaded ring v0.17.14
  Downloaded zopfli v0.8.3
  Downloaded zeroize v1.9.0
  Downloaded zerofrom-derive v0.1.7
  Downloaded zerofrom v0.1.8
  Downloaded yoke v0.8.3
  Downloaded xmlwriter v0.1.0
  Downloaded xml5ever v0.17.0
  Downloaded xattr v1.6.1
  Downloaded write16 v1.0.0
  Downloaded weezl v0.1.12
  Downloaded web-push v0.11.0
  Downloaded wasmi_ir v1.1.0
  Downloaded wasmi_collections v1.1.0
  Downloaded wasm-bindgen-macro v0.2.125
  Downloaded wasm-bindgen-futures v0.4.75
  Downloaded uuid v1.23.3
  Downloaded utf8parse v0.2.2
  Downloaded utf8-width v0.1.8
  Downloaded utf8-ranges v1.0.5
  Downloaded utf-8 v0.7.6
  Downloaded writeable v0.6.3
  Downloaded whoami v1.6.1
  Downloaded webpki-roots v0.26.11
  Downloaded wat v1.252.0
  Downloaded wasmi_core v1.1.0
  Downloaded wasm_split_helpers v0.2.2
  Downloaded wasm-streams v0.5.0
  Downloaded wasm-bindgen-shared v0.2.125
  Downloaded version_check v0.9.5
  Downloaded v_frame v0.3.9
  Downloaded utf16_iter v1.0.5
  Downloaded rsa v0.9.10
  Downloaded rkyv v0.7.46
  Downloaded resvg v0.47.0
  Downloaded reqwest v0.13.4
  Downloaded reqwest v0.12.28
  Downloaded reqwest v0.11.27
  Downloaded regex v1.12.4
  Downloaded reactive_graph v0.2.14
  Downloaded walkdir v2.5.0
  Downloaded utf8-zero v0.8.1
  Downloaded tokio-rustls v0.24.1
  Downloaded tokio-macros v2.7.0
  Downloaded tinyvec_macros v0.1.1
  Downloaded tinyvec v1.11.0
  Downloaded tinystr v0.8.3
  Downloaded tiny-skia-path v0.12.0
  Downloaded timeago v0.6.0
  Downloaded time-macros v0.2.30
  Downloaded throw_error v0.3.1
  Downloaded universal-hash v0.5.1
  Downloaded unit-prefix v0.5.2
  Downloaded unicode-xid v0.2.6
  Downloaded time-core v0.1.9
  Downloaded tachys v0.2.15
  Downloaded syn v1.0.109
  Downloaded superboring v0.1.11
  Downloaded regex-automata v0.4.14
  Downloaded rav1e v0.8.1
  Downloaded unicode-bidi v0.3.18
  Downloaded unicase v2.9.0
  Downloaded unic-langid v0.9.6
  Downloaded uname v0.1.1
  Downloaded ucd-trie v0.1.7
  Downloaded typetag-impl v0.2.22
  Downloaded typetag v0.2.22
  Downloaded sqlx-sqlite v0.8.6
  Downloaded sqlx-postgres v0.8.6
  Downloaded sqlx-core v0.8.6
  Downloaded serenity v0.12.5
  Downloaded rayon-core v1.13.0
  Downloaded rayon v1.12.0
  Downloaded raw-cpuid v11.6.0
  Downloaded tendril v0.4.3
  Downloaded tap v1.0.1
  Downloaded tantivy-tokenizer-api v0.7.0
  Downloaded tantivy-sstable v0.7.0
  Downloaded portable-atomic v1.13.1
  Downloaded poise v0.6.2
  Downloaded png v0.18.1
  Downloaded libsqlite3-sys v0.30.1
  Downloaded tempfile v3.27.0
  Downloaded tantivy-stacker v0.7.0
  Downloaded tantivy-query-grammar v0.26.0
  Downloaded tantivy-common v0.11.0
  Downloaded tantivy-bitpacker v0.10.0
  Downloaded tagptr v0.2.0
  Downloaded sqlx-mysql v0.8.6
  Downloaded sqlx v0.8.6
  Downloaded sha3 v0.11.0
  Downloaded serde_with v3.21.0
  Downloaded sea-schema-derive v0.3.0
  Downloaded tokio-rustls v0.25.0
  Downloaded thread_local v1.1.9
  Downloaded thousands v0.2.0
  Downloaded synstructure v0.13.2
  Downloaded synstructure v0.12.6
  Downloaded sync_wrapper v1.0.2
  Downloaded sync_wrapper v0.1.2
  Downloaded syn_derive v0.2.0
  Downloaded svgtypes v0.16.1
  Downloaded subtle v2.6.1
  Downloaded strum v0.26.3
  Downloaded strsim v0.11.1
  Downloaded stringprep v0.1.5
  Downloaded sqlx-macros-core v0.8.6
  Downloaded spin v0.9.8
  Downloaded smallvec v1.15.2
  Downloaded simba v0.9.1
  Downloaded server_fn v0.8.12
  Downloaded sentry-core v0.48.2
  Downloaded linux-raw-sys v0.12.1
  Downloaded string_cache v0.8.9
  Downloaded string-interner v0.19.0
  Downloaded strict-num v0.1.1
  Downloaded static_assertions v1.1.0
  Downloaded stable_deref_trait v1.2.1
  Downloaded sqlx-macros v0.8.6
  Downloaded spki v0.8.0
  Downloaded spki v0.7.3
  Downloaded socket2 v0.6.4
  Downloaded socket2 v0.5.10
  Downloaded slotmap v1.1.1
  Downloaded slab v0.4.12
  Downloaded sketches-ddsketch v0.4.0
  Downloaded sketches-ddsketch v0.3.1
  Downloaded sitemap-rs v0.4.0
  Downloaded siphasher v1.0.3
  Downloaded siphasher v0.3.11
  Downloaded simplecss v0.2.2
  Downloaded simdutf8 v0.1.5
  Downloaded simd_helpers v0.1.0
  Downloaded simd-adler32 v0.3.9
  Downloaded signature v3.0.0
  Downloaded signature v2.2.0
  Downloaded signal-hook-registry v1.4.8
  Downloaded shlex v2.0.1
  Downloaded sharded-slab v0.1.7
  Downloaded sha2 v0.11.0
  Downloaded sha2 v0.10.9
  Downloaded sha1 v0.10.6
  Downloaded server_fn_macro_default v0.8.5
  Downloaded server_fn_macro v0.8.10
  Downloaded serenity_poise_macros v0.6.2
  Downloaded serde_yaml v0.9.34+deprecated
  Downloaded serde_with_macros v3.21.0
  Downloaded serde_urlencoded v0.7.1
  Downloaded serde_spanned v1.1.1
  Downloaded serde_spanned v0.6.9
  Downloaded serde_qs v0.15.0
  Downloaded serde_path_to_error v0.1.20
  Downloaded serde_derive_internals v0.29.1
  Downloaded serde-wasm-bindgen v0.6.5
  Downloaded serde-value v0.7.0
  Downloaded sentry-tracing v0.48.2
  Downloaded sentry-tower v0.48.2
  Downloaded sentry-contexts v0.48.2
  Downloaded sentry-backtrace v0.48.2
  Downloaded send_wrapper v0.6.0
  Downloaded sec1 v0.7.3
  Downloaded sea-query v0.32.7
  Downloaded rustls-webpki v0.103.13
  Downloaded rand v0.9.4
  Downloaded rand v0.8.6
  Downloaded serde_bytes v0.11.19
  Downloaded serde-aux v4.7.0
  Downloaded sentry-types v0.48.2
  Downloaded sentry-panic v0.48.2
  Downloaded sentry v0.48.2
  Downloaded semver v1.0.28
  Downloaded select v0.6.1
  Downloaded secrecy v0.8.0
  Downloaded sec1_decode v0.1.0
  Downloaded seahash v4.1.0
  Downloaded sea-query-binder v0.7.0
  Downloaded sea-orm-macros v1.1.20
  Downloaded sea-orm-cli v1.1.20
  Downloaded sea-bae v0.2.1
  Downloaded sct v0.7.1
  Downloaded scopeguard v1.2.0
  Downloaded same-file v1.0.6
  Downloaded ryu v1.0.23
  Downloaded rustversion v1.0.22
  Downloaded rustls-platform-verifier v0.7.0
  Downloaded quinn-proto v0.11.15
  Downloaded quinn v0.11.11
  Downloaded qoi v0.4.1
  Downloaded pxfm v0.1.29
  Downloaded openssl-src v300.6.1+3.6.3
  Downloaded object v0.37.3
  Downloaded rustls-pemfile v1.0.4
  Downloaded rustls-native-certs v0.8.4
  Downloaded rustc_version v0.4.1
  Downloaded rustc-hash v2.1.2
  Downloaded rustc-demangle v0.1.27
  Downloaded rstml v0.12.1
  Downloaded roxmltree v0.21.1
  Downloaded roxmltree v0.20.0
  Downloaded rkyv_derive v0.7.46
  Downloaded rgb v0.8.53
  Downloaded rfc6979 v0.4.0
  Downloaded ref-cast v1.0.25
  Downloaded reactive_stores v0.4.3
  Downloaded ravif v0.13.0
  Downloaded oauth2 v5.0.0
  Downloaded rend v0.4.2
  Downloaded ref-cast-impl v1.0.25
  Downloaded reactive_stores_macro v0.4.2
  Downloaded rawpointer v0.2.1
  Downloaded num-bigint-dig v0.8.6
  Downloaded libm v0.2.16
  Downloaded libc v0.2.186
  Downloaded powerfmt v0.2.0
  Downloaded potential_utf v0.1.5
  Downloaded postcard v1.1.3
  Downloaded polyval v0.6.2
  Downloaded polycool v0.4.0
  Downloaded polonius-the-crab v0.5.0
  Downloaded pkg-config v0.3.33
  Downloaded pkcs8 v0.11.0
  Downloaded pkcs8 v0.10.2
  Downloaded pkcs1 v0.7.5
  Downloaded pin-project-internal v1.1.13
  Downloaded pin-project v1.1.13
  Downloaded p384 v0.13.1
  Downloaded image-webp v0.2.4
  Downloaded image v0.25.10
  Downloaded pico-args v0.5.0
  Downloaded phf_shared v0.11.3
  Downloaded phf_shared v0.10.0
  Downloaded phf_generator v0.11.3
  Downloaded phf_generator v0.10.0
  Downloaded phf_codegen v0.10.0
  Downloaded phf v0.11.3
  Downloaded phf v0.10.1
  Downloaded pgvector v0.4.2
  Downloaded percent-encoding v2.3.2
  Downloaded pem-rfc7468 v0.7.0
  Downloaded pem v3.0.6
  Downloaded pem v0.8.3
  Downloaded openssl-sys v0.9.117
  Downloaded openssl v0.10.81
  Downloaded icu_experimental_data v0.5.0
  Downloaded icu_datetime_data v2.2.0
  Downloaded sea-orm-migration v1.1.20
  Downloaded rapidhash v4.4.1
  Downloaded num-bigint v0.4.6
  Downloaded nom v8.0.0
  Downloaded nom v7.1.3
  Downloaded nix v0.29.0
  Downloaded ndarray v0.16.1
  Downloaded nalgebra v0.33.3
  Downloaded moxcms v0.8.1
  Downloaded mio v1.2.1
  Downloaded miniz_oxide v0.8.9
  Downloaded minimal-lexical v0.2.1
  Downloaded rand_core v0.10.1
  Downloaded rand_core v0.9.5
  Downloaded rand_core v0.6.4
  Downloaded rand_chacha v0.9.0
  Downloaded rand_chacha v0.3.1
  Downloaded radium v0.7.0
  Downloaded quote-use-macros v0.8.4
  Downloaded quote-use v0.8.4
  Downloaded quinn-udp v0.5.14
  Downloaded quick-error v2.0.1
  Downloaded quanta v0.12.6
  Downloaded ptr_meta_derive v0.1.4
  Downloaded ptr_meta v0.1.4
  Downloaded profiling-procmacros v1.0.18
  Downloaded profiling v1.0.18
  Downloaded proc-macro2-diagnostics v0.10.1
  Downloaded proc-macro-utils v0.10.0
  Downloaded proc-macro-error2 v2.0.1
  Downloaded proc-macro-error-attr2 v2.0.0
  Downloaded proc-macro-crate v3.5.0
  Downloaded primeorder v0.13.6
  Downloaded precomputed-hash v0.1.1
  Downloaded ppv-lite86 v0.2.21
  Downloaded pathdiff v0.2.3
  Downloaded pastey v0.1.1
  Downloaded paste v1.0.15
  Downloaded parse-zoneinfo v0.5.0
  Downloaded parking_lot_core v0.9.12
  Downloaded parking_lot v0.12.5
  Downloaded parking v2.2.1
  Downloaded paginate v1.1.11
  Downloaded p256 v0.13.2
  Downloaded ownedbytes v0.9.0
  Downloaded ouroboros_macro v0.18.5
  Downloaded ouroboros v0.18.5
  Downloaded ordered-float v5.3.0
  Downloaded ordered-float v4.6.0
  Downloaded ordered-float v2.10.1
  Downloaded or_poisoned v0.1.0
  Downloaded openssl-probe v0.2.1
  Downloaded openssl-macros v0.1.1
  Downloaded opaque-debug v0.3.1
  Downloaded oneshot v0.1.13
  Downloaded num-iter v0.1.45
  Downloaded num-integer v0.1.46
  Downloaded num-derive v0.4.2
  Downloaded num-conv v0.2.2
  Downloaded num-complex v0.4.6
  Downloaded markup5ever_rcdom v0.2.0
  Downloaded leptos-use v0.18.3
  Downloaded kurbo v0.13.1
  Downloaded itertools v0.14.0
  Downloaded isolang v2.4.0
  Downloaded noop_proc_macro v0.3.0
  Downloaded no_std_io2 v0.9.4
  Downloaded next_tuple v0.1.0
  Downloaded new_debug_unreachable v1.0.6
  Downloaded never-say-never v6.6.666
  Downloaded murmurhash32 v0.3.1
  Downloaded multer v3.1.0
  Downloaded module-lattice v0.2.3
  Downloaded ml-dsa v0.1.0-rc.11
  Downloaded mini-moka v0.10.3
  Downloaded leptos_router v0.8.13
  Downloaded leptos v0.8.19
  Downloaded konst v0.2.20
  Downloaded k256 v0.13.4
  Downloaded jwt-simple v0.12.16
  Downloaded json5 v1.3.1
  Downloaded js-sys v0.3.102
  Downloaded indicatif v0.18.4
  Downloaded icu_provider_source v2.2.0
  Downloaded icu_collator v2.2.0
  Downloaded icondata_wi v0.1.0
  Downloaded icu_segmenter v2.2.0
  Downloaded icu_experimental v0.5.0
  Downloaded icu_datetime v2.2.0
  Downloaded icu_collections v2.2.0
  Downloaded icu v2.2.0
  Downloaded icondata_vs v0.1.0
  Downloaded icondata_fa v0.1.0
  Downloaded icondata_cg v0.1.0
  Downloaded icondata_bs v0.1.0
  Downloaded icondata_bi v0.1.0
  Downloaded icondata_ai v0.1.0
  Downloaded hyper-util v0.1.20
  Downloaded hyper v1.10.1
  Downloaded hyper v0.14.32
  Downloaded oco_ref v0.2.1
  Downloaded num-rational v0.4.2
  Downloaded idna v1.1.0
  Downloaded http v1.4.2
  Downloaded http v0.2.12
  Downloaded html5ever v0.26.0
  Downloaded hkdf v0.12.4
  Downloaded headers v0.4.1
  Downloaded hashbrown v0.17.1
  Downloaded hashbrown v0.16.1
  Downloaded hashbrown v0.15.5
  Downloaded hashbrown v0.14.5
  Downloaded hashbrown v0.12.3
  Downloaded h2 v0.4.15
  Downloaded h2 v0.3.27
  Downloaded gimli v0.32.3
  Downloaded lz4_flex v0.13.1
  Downloaded lz4_flex v0.11.6
  Downloaded lru-slab v0.1.2
  Downloaded lru v0.16.4
  Downloaded loop9 v0.1.5
  Downloaded log v0.4.33
  Downloaded lock_api v0.4.14
  Downloaded litemap v0.8.2
  Downloaded linregress v0.5.4
  Downloaded levenshtein_automata v0.2.1
  Downloaded leptos_server v0.8.7
  Downloaded leptos_router_macro v0.8.6
  Downloaded imagesize v0.14.0
  Downloaded icu_decimal_data v2.2.0
  Downloaded icu_decimal v2.2.0
  Downloaded icu_codepointtrie_builder v0.6.0
  Downloaded icu_casemap_data v2.2.0
  Downloaded icu_casemap v2.2.0
  Downloaded icu_calendar_data v2.2.0
  Downloaded icondata v0.7.0
  Downloaded hyper-rustls v0.27.9
  Downloaded hyper-rustls v0.24.2
  Downloaded hybrid-array v0.4.12
  Downloaded humantime v2.3.0
  Downloaded httpdate v1.0.3
  Downloaded futures-util v0.3.32
  Downloaded futures-intrusive v0.5.0
  Downloaded metrics-util v0.20.4
  Downloaded metrics-exporter-prometheus v0.18.3
  Downloaded metrics v0.24.6
  Downloaded memoffset v0.9.1
  Downloaded memmap2 v0.9.10
  Downloaded measure_time v0.9.0
  Downloaded md-5 v0.10.6
  Downloaded maybe-rayon v0.1.1
  Downloaded matrixmultiply v0.3.10
  Downloaded matchit v0.8.4
  Downloaded matchers v0.2.0
  Downloaded markup5ever v0.11.0
  Downloaded manyhow-macros v0.11.4
  Downloaded manyhow v0.11.4
  Downloaded macro_rules_attribute-proc_macro v0.2.2
  Downloaded macro_rules_attribute v0.2.2
  Downloaded mac_address v1.1.8
  Downloaded leptos_macro v0.8.16
  Downloaded leptos_i18n v0.6.2
  Downloaded leptos_axum v0.8.9
  Downloaded jobserver v0.1.34
  Downloaded ixdtf v0.6.5
  Downloaded isocountry v0.3.2
  Downloaded ipnet v2.12.0
  Downloaded interpolator v0.5.0
  Downloaded icu_properties_data v2.2.0
  Downloaded icu_normalizer_data v2.2.0
  Downloaded icu_normalizer v2.2.0
  Downloaded icu_locale_data v2.2.0
  Downloaded icu_locale_core v2.2.0
  Downloaded icondata_si v0.1.0
  Downloaded icondata_fi v0.1.0
  Downloaded icondata_core v0.1.0
  Downloaded icondata_ch v0.1.0
  Downloaded hydration_context v0.3.0
  Downloaded httparse v1.10.1
  Downloaded http-range-header v0.4.2
  Downloaded http-body-util v0.1.3
  Downloaded http-body v1.0.1
  Downloaded http-body v0.4.6
  Downloaded htmlescape v0.3.1
  Downloaded html-escape v0.2.13
  Downloaded hostname v0.4.2
  Downloaded hmac-sha1-compact v1.1.7
  Downloaded higher-kinded-types v0.2.1
  Downloaded hex v0.4.3
  Downloaded heck v0.5.0
  Downloaded heck v0.4.1
  Downloaded headers-core v0.3.0
  Downloaded hashlink v0.10.0
  Downloaded hashbag v0.1.13
  Downloaded half v2.7.1
  Downloaded group v0.13.0
  Downloaded gloo-utils v0.3.0
  Downloaded gloo-utils v0.2.0
  Downloaded gloo-timers v0.4.0
  Downloaded gloo-timers v0.3.0
  Downloaded gloo-net v0.7.0
  Downloaded glob v0.3.3
  Downloaded aws-lc-sys v0.41.0
  Downloaded leptos_integration_utils v0.8.8
  Downloaded leptos_i18n_parser v0.6.2
  Downloaded leptos_i18n_macro v0.6.2
  Downloaded leptos_i18n_codegen v0.6.2
  Downloaded leptos_i18n_build v0.6.2
  Downloaded leptos_hot_reload v0.8.6
  Downloaded leptos_dom v0.8.8
  Downloaded leptos_config v0.8.10
  Downloaded left-right v0.11.7
  Downloaded lebe v0.5.3
  Downloaded leb128fmt v0.1.0
  Downloaded lazy_static v1.5.0
  Downloaded konst_macro_rules v0.2.19
  Downloaded keccak v0.2.0
  Downloaded is_terminal_polyfill v1.70.2
  Downloaded inventory v0.3.24
  Downloaded inout v0.2.2
  Downloaded inout v0.1.4
  Downloaded inherent v1.0.13
  Downloaded indexmap v1.9.3
  Downloaded include_dir v0.7.4
  Downloaded icondata_ri v0.1.0
  Downloaded icondata_mdi v0.1.0
  Downloaded hmac v0.12.1
  Downloaded guardian v1.3.0
  Downloaded gloo-net v0.6.0
  Downloaded gif v0.14.2
  Downloaded ghash v0.5.1
  Downloaded imgref v1.12.2
  Downloaded icondata_tb v0.1.0
  Downloaded icondata_io v0.1.0
  Downloaded icondata_hi v0.2.0
  Downloaded console_error_panic_hook v0.1.7
  Downloaded ident_case v1.0.1
  Downloaded idb v0.6.5
  Downloaded icu_time_data v2.2.0
  Downloaded icu_time v2.2.0
  Downloaded icu_provider_registry v2.2.0
  Downloaded icu_provider_export v2.2.0
  Downloaded icu_provider_baked v2.2.0
  Downloaded icu_provider v2.2.0
  Downloaded icu_properties v2.2.0
  Downloaded icu_plurals_data v2.2.0
  Downloaded icu_plurals v2.2.0
  Downloaded icu_pattern v0.4.2
  Downloaded icu_locale v2.2.0
  Downloaded icu_list_data v2.2.0
  Downloaded icu_list v2.2.0
  Downloaded icondata_ti v0.1.0
  Downloaded icondata_oc v0.1.0
  Downloaded icondata_lu v0.1.0
  Downloaded icondata_im v0.1.0
  Downloaded encoding_rs v0.8.35
  Downloaded getrandom v0.2.17
  Downloaded generic-array v0.14.7
  Downloaded futures-task v0.3.32
  Downloaded futures-sink v0.3.32
  Downloaded futures-macro v0.3.32
  Downloaded futures-io v0.3.32
  Downloaded futures-executor v0.3.32
  Downloaded futures-core v0.3.32
  Downloaded futures-channel v0.3.32
  Downloaded futures v0.3.32
  Downloaded futf v0.1.5
  Downloaded funty v2.0.0
  Downloaded fs_extra v1.3.0
  Downloaded fs4 v0.13.1
  Downloaded form_urlencoded v1.2.2
  Downloaded foreign-types-shared v0.1.1
  Downloaded foreign-types v0.3.2
  Downloaded fontdb v0.23.0
  Downloaded flume v0.12.0
  Downloaded flume v0.11.1
  Downloaded flate2 v1.1.9
  Downloaded exr v1.74.0
  Downloaded euclid v0.22.14
  Downloaded elliptic-curve v0.13.8
  Downloaded derive_more-impl v2.1.1
  Downloaded derive_more v2.1.1
  Downloaded derive-where v1.6.1
  Downloaded der v0.8.0
  Downloaded der v0.7.10
  Downloaded der v0.4.5
  Downloaded datasketches v0.2.0
  Downloaded darling_core v0.23.0
  Downloaded darling_core v0.20.11
  Downloaded crypto-bigint v0.5.5
  Downloaded crossbeam-channel v0.5.15
  Downloaded fontconfig-parser v0.5.8
  Downloaded foldhash v0.2.0
  Downloaded fixed_decimal v0.7.2
  Downloaded find-msvc-tools v0.1.9
  Downloaded filetime v0.2.29
  Downloaded fdeflate v0.3.7
  Downloaded fax v0.2.7
  Downloaded fastrand v2.4.1
  Downloaded evmap v11.0.0
  Downloaded event-listener v5.4.1
  Downloaded errno v0.3.14
  Downloaded erased-serde v0.4.10
  Downloaded elsa v1.11.2
  Downloaded either v1.16.0
  Downloaded ed25519-compact v2.3.1
  Downloaded ece v2.3.1
  Downloaded ecdsa v0.16.9
  Downloaded dotenvy v0.15.7
  Downloaded displaydoc v0.2.6
  Downloaded digest v0.11.3
  Downloaded digest v0.10.7
  Downloaded derivative v2.2.0
  Downloaded deranged v0.5.8
  Downloaded debugid v0.8.0
  Downloaded data-url v0.3.2
  Downloaded data-encoding v2.11.0
  Downloaded dashmap v5.5.3
  Downloaded darling_macro v0.20.11
  Downloaded darling v0.23.0
  Downloaded darling v0.20.11
  Downloaded ctutils v0.4.2
  Downloaded ctr v0.9.2
  Downloaded csv-core v0.1.13
  Downloaded crossbeam-utils v0.8.21
  Downloaded crossbeam-epoch v0.9.18
  Downloaded crossbeam-deque v0.8.6
  Downloaded crc32fast v1.5.0
  Downloaded crc-catalog v2.5.0
  Downloaded cpufeatures v0.2.17
  Downloaded cookie v0.18.1
  Downloaded convert_case v0.11.0
  Downloaded convert_case v0.10.0
  Downloaded convert_case v0.6.0
  Downloaded const_format v0.2.36
  Downloaded bstr v1.12.1
  Downloaded brotli v8.0.4
  Downloaded av-scenechange v0.14.1
  Downloaded hmac-sha512 v1.1.12
  Downloaded hmac-sha256 v1.1.14
  Downloaded foldhash v0.1.5
  Downloaded fnv v1.0.7
  Downloaded float-cmp v0.9.0
  Downloaded ff v0.13.1
  Downloaded fastdivide v0.4.2
  Downloaded event-listener-strategy v0.5.4
  Downloaded erased v0.1.2
  Downloaded equivalent v1.0.2
  Downloaded equator-macro v0.4.2
  Downloaded equator v0.4.2
  Downloaded envy v0.4.2
  Downloaded either_of v0.1.9
  Downloaded dyn-clone v1.0.20
  Downloaded drain_filter_polyfill v0.1.3
  Downloaded downcast-rs v2.0.2
  Downloaded der_derive v0.4.1
  Downloaded default-struct-builder v0.5.1
  Downloaded databake-derive v0.2.1
  Downloaded darling_macro v0.23.0
  Downloaded crc v3.4.0
  Downloaded cpubits v0.1.1
  Downloaded const-oid v0.10.2
  Downloaded config v0.15.24
  Downloaded clickhouse v0.15.1
  Downloaded clap_builder v4.6.0
  Downloaded cityhash-rs v1.0.1
  Downloaded bson v3.1.0
  Downloaded brotli-decompressor v5.0.3
  Downloaded bitvec v1.1.1
  Downloaded bigdecimal v0.4.10
  Downloaded axum v0.8.9
  Downloaded aws-lc-rs v1.17.0
  Downloaded async-compression v0.4.42
  Downloaded aho-corasick v1.1.4
  Downloaded aes-gcm v0.10.3
  Downloaded aes v0.9.1
  Downloaded aes v0.8.4
  Downloaded databake v0.2.1
  Downloaded crypto-common v0.1.7
  Downloaded crunchy v0.2.4
  Downloaded crossbeam-queue v0.3.12
  Downloaded crlify v1.0.5
  Downloaded cpufeatures v0.3.0
  Downloaded core_maths v0.1.1
  Downloaded constant_time_eq v0.4.2
  Downloaded const_format_proc_macros v0.2.34
  Downloaded const-str v1.1.0
  Downloaded const-oid v0.9.6
  Downloaded const-oid v0.6.2
  Downloaded console_log v1.0.0
  Downloaded console v0.16.3
  Downloaded concurrent-queue v2.5.0
  Downloaded compression-core v0.4.32
  Downloaded compression-codecs v0.4.38
  Downloaded colorsys v0.7.3
  Downloaded colorchoice v1.0.5
  Downloaded color_quant v1.1.0
  Downloaded collection_literals v1.0.3
  Downloaded codee v0.3.5
  Downloaded cobs v0.3.0
  Downloaded cc v1.2.65
  Downloaded calendrical_calculations v0.2.4
  Downloaded bytes v1.12.0
  Downloaded bumpalo v3.20.3
  Downloaded borsh v1.7.0
  Downloaded bon-macros v3.9.3
  Downloaded bon v3.9.3
  Downloaded bnum v0.13.0
  Downloaded base64 v0.22.1
  Downloaded base64 v0.21.7
  Downloaded backtrace v0.3.76
  Downloaded axum-extra v0.12.6
  Downloaded async-tungstenite v0.34.1
  Downloaded arc-swap v1.9.1
  Downloaded allocator-api2 v0.2.21
  Downloaded crypto-common v0.2.2
  Downloaded convert_case_extras v0.2.0
  Downloaded cmov v0.5.4
  Downloaded clap_derive v4.6.1
  Downloaded clap v4.6.1
  Downloaded cipher v0.4.4
  Downloaded camino v1.2.3
  Downloaded bytemuck v1.25.0
  Downloaded built v0.8.1
  Downloaded bs58 v0.5.1
  Downloaded borsh-derive v1.7.0
  Downloaded blake2b_simd v1.0.4
  Downloaded bitstream-io v4.10.0
  Downloaded bitpacking v0.9.3
  Downloaded bitflags v2.13.0
  Downloaded bit-vec v0.6.3
  Downloaded base64 v0.13.1
  Downloaded axum-macros v0.5.1
  Downloaded axum-core v0.5.6
  Downloaded avif-serialize v0.8.9
  Downloaded av1-grain v0.2.5
  Downloaded attribute-derive-macro v0.10.5
  Downloaded attribute-derive v0.10.5
  Downloaded atoi v2.0.0
  Downloaded async-trait v0.1.89
  Downloaded async-once-cell v0.5.4
  Downloaded async-lock v3.4.2
  Downloaded arrayvec v0.7.7
  Downloaded anyhow v1.0.102
  Downloaded anstyle-parse v1.0.0
  Downloaded anstyle v1.0.14
  Downloaded anstream v1.0.0
  Downloaded ahash v0.7.8
  Downloaded coarsetime v0.1.37
  Downloaded cmake v0.1.58
  Downloaded clickhouse-types v0.1.2
  Downloaded cipher v0.5.2
  Downloaded byteorder v1.5.0
  Downloaded bytecheck_derive v0.6.12
  Downloaded binstring v0.1.7
  Downloaded base64ct v1.8.3
  Downloaded base16ct v0.2.0
  Downloaded async-stream-impl v0.3.6
  Downloaded async-stream v0.3.6
  Downloaded as-slice v0.2.1
  Downloaded arg_enum_proc_macro v0.3.4
  Downloaded approx v0.5.1
  Downloaded anstyle-query v1.1.5
  Downloaded alloc-stdlib v0.2.4
  Downloaded alloc-no-stdlib v2.0.4
  Downloaded aligned-vec v0.6.4
  Downloaded aligned v0.4.3
  Downloaded aliasable v0.1.3
  Downloaded clap_lex v1.1.0
  Downloaded cfg_aliases v0.2.1
  Downloaded cfg-if v1.0.4
  Downloaded census v0.4.2
  Downloaded byteorder-lite v0.1.0
  Downloaded bytecheck v0.6.12
  Downloaded block-buffer v0.12.1
  Downloaded block-buffer v0.10.4
  Downloaded bit_field v0.10.3
  Downloaded bit-set v0.5.3
  Downloaded base16 v0.2.1
  Downloaded atomic-waker v1.1.2
  Downloaded arrayref v0.3.9
  Downloaded any_spawner v0.3.0
  Downloaded aes-keywrap v0.9.0
  Downloaded addr2line v0.25.1
  Downloaded aead v0.5.2
   Compiling proc-macro2 v1.0.106
   Compiling libc v0.2.186
   Compiling serde_core v1.0.228
   Compiling serde v1.0.228
    Checking cfg-if v1.0.4
   Compiling version_check v0.9.5
   Compiling quote v1.0.46
   Compiling syn v2.0.118
    Checking memchr v2.8.2
    Checking getrandom v0.2.17
    Checking once_cell v1.21.4
   Compiling shlex v2.0.1
   Compiling find-msvc-tools v0.1.9
   Compiling jobserver v0.1.34
    Checking zeroize v1.9.0
    Checking pin-project-lite v0.2.17
    Checking itoa v1.0.18
   Compiling cc v1.2.65
   Compiling zerocopy v0.8.52
   Compiling libm v0.2.16
    Checking typenum v1.20.1
    Checking scopeguard v1.2.0
    Checking lock_api v0.4.14
   Compiling synstructure v0.13.2
    Checking futures-core v0.3.32
    Checking log v0.4.33
    Checking futures-sink v0.3.32
    Checking slab v0.4.12
    Checking subtle v2.6.1
   Compiling parking_lot_core v0.9.12
    Checking futures-channel v0.3.32
    Checking rand_core v0.6.4
   Compiling generic-array v0.14.7
    Checking stable_deref_trait v1.2.1
    Checking futures-task v0.3.32
    Checking futures-io v0.3.32
   Compiling crossbeam-utils v0.8.21
    Checking crypto-common v0.1.7
   Compiling num-traits v0.2.19
    Checking errno v0.3.14
    Checking signal-hook-registry v1.4.8
    Checking mio v1.2.1
   Compiling ring v0.17.14
    Checking socket2 v0.6.4
   Compiling syn v1.0.109
    Checking const-oid v0.9.6
    Checking equivalent v1.0.2
   Compiling serde_json v1.0.150
    Checking zmij v1.0.21
   Compiling thiserror v2.0.18
    Checking block-buffer v0.10.4
   Compiling getrandom v0.4.3
    Checking digest v0.10.7
    Checking rand_core v0.10.1
    Checking untrusted v0.9.0
    Checking writeable v0.6.3
    Checking percent-encoding v2.3.2
   Compiling ahash v0.7.8
    Checking hashbrown v0.17.1
    Checking litemap v0.8.2
    Checking indexmap v2.14.0
    Checking utf8_iter v1.0.4
    Checking tracing-core v0.1.36
   Compiling icu_properties_data v2.2.0
    Checking cpufeatures v0.2.17
   Compiling icu_normalizer_data v2.2.0
    Checking rustls-pki-types v1.14.1
    Checking form_urlencoded v1.2.2
   Compiling ident_case v1.0.1
   Compiling strsim v0.11.1
   Compiling bytecheck v0.6.12
   Compiling cmake v0.1.58
   Compiling fs_extra v1.3.0
   Compiling dunce v1.0.5
    Checking base64 v0.22.1
   Compiling rend v0.4.2
   Compiling rustversion v1.0.22
   Compiling aws-lc-rs v1.17.0
   Compiling aws-lc-sys v0.41.0
    Checking bitflags v2.13.0
   Compiling crc32fast v1.5.0
    Checking simdutf8 v0.1.5
   Compiling either v1.16.0
   Compiling rustls v0.23.41
   Compiling httparse v1.10.1
   Compiling rkyv v0.7.46
    Checking hashbrown v0.12.3
   Compiling getrandom v0.3.4
   Compiling unicode-xid v0.2.6
    Checking fnv v1.0.7
    Checking seahash v4.1.0
   Compiling unicode-segmentation v1.13.3
   Compiling darling_core v0.20.11
   Compiling serde_derive v1.0.228
   Compiling thiserror-impl v2.0.18
   Compiling zerofrom-derive v0.1.7
    Checking smallvec v1.15.2
   Compiling yoke-derive v0.8.2
   Compiling displaydoc v0.2.6
   Compiling zerovec-derive v0.11.3
   Compiling zerocopy-derive v0.8.52
    Checking bytes v1.12.0
   Compiling futures-macro v0.3.32
    Checking parking_lot v0.12.5
   Compiling tokio-macros v2.7.0
    Checking futures-util v0.3.32
    Checking zerofrom v0.1.8
    Checking yoke v0.8.3
    Checking zerovec v0.11.6
    Checking tinystr v0.8.3
    Checking icu_locale_core v2.2.0
    Checking tokio v1.52.3
    Checking potential_utf v0.1.5
    Checking zerotrie v0.2.4
    Checking arrayvec v0.7.7
    Checking icu_provider v2.2.0
    Checking icu_collections v2.2.0
   Compiling tracing-attributes v0.1.31
    Checking icu_properties v2.2.0
    Checking ppv-lite86 v0.2.21
    Checking icu_normalizer v2.2.0
   Compiling ptr_meta_derive v0.1.4
    Checking idna_adapter v1.2.2
    Checking idna v1.1.0
    Checking url v2.5.8
    Checking tokio-util v0.7.18
   Compiling bytecheck_derive v0.6.12
    Checking http v1.4.2
   Compiling rkyv_derive v0.7.46
    Checking rustls-webpki v0.103.13
    Checking ptr_meta v0.1.4
   Compiling num-conv v0.2.2
   Compiling time-core v0.1.9
   Compiling time-macros v0.2.30
    Checking tracing v0.1.44
   Compiling darling_macro v0.20.11
    Checking spin v0.9.8
    Checking deranged v0.5.8
    Checking regex-syntax v0.8.11
    Checking powerfmt v0.2.0
    Checking rand_core v0.9.5
    Checking time v0.3.51
    Checking tower-service v0.3.3
   Compiling anyhow v1.0.102
   Compiling bumpalo v3.20.3
    Checking httpdate v1.0.3
    Checking iana-time-zone v0.1.65
    Checking rand_chacha v0.9.0
    Checking uuid v1.23.3
    Checking aho-corasick v1.1.4
   Compiling paste v1.0.15
    Checking try-lock v0.2.5
    Checking want v0.3.1
    Checking rand v0.9.4
    Checking regex-automata v0.4.14
    Checking ryu v1.0.23
    Checking futures-executor v0.3.32
   Compiling proc-macro-error-attr2 v2.0.0
    Checking socket2 v0.5.10
    Checking mime v0.3.17
   Compiling proc-macro-error2 v2.0.1
    Checking futures v0.3.32
    Checking num-integer v0.1.46
    Checking unicode-ident v1.0.24
   Compiling wasm-bindgen-shared v0.2.125
    Checking concurrent-queue v2.5.0
    Checking parking v2.2.1
    Checking ipnet v2.12.0
    Checking event-listener v5.4.1
   Compiling darling v0.20.11
    Checking atomic-waker v1.1.2
    Checking simd-adler32 v0.3.9
   Compiling async-trait v0.1.89
   Compiling heck v0.5.0
   Compiling semver v1.0.28
   Compiling pkg-config v0.3.33
   Compiling rustc_version v0.4.1
    Checking sha1 v0.10.6
    Checking adler2 v2.0.1
    Checking miniz_oxide v0.8.9
    Checking regex v1.12.4
    Checking data-encoding v2.11.0
   Compiling wasm-bindgen-macro-support v0.2.125
    Checking serde_urlencoded v0.7.1
   Compiling wasm-bindgen v0.2.125
    Checking webpki-roots v1.0.8
    Checking num-bigint v0.4.6
    Checking http-body v1.0.1
    Checking rand_chacha v0.3.1
   Compiling proc-macro2-diagnostics v0.10.1
    Checking encoding_rs v0.8.35
    Checking chrono v0.4.45
    Checking byteorder v1.5.0
    Checking hex v0.4.3
    Checking rand v0.8.6
   Compiling yansi v1.0.1
   Compiling databake-derive v0.2.1
    Checking flate2 v1.1.9
    Checking tungstenite v0.29.0
    Checking h2 v0.4.15
   Compiling databake v0.2.1
    Checking itertools v0.14.0
   Compiling typeid v1.0.3
    Checking hyper v1.10.1
    Checking http-body-util v0.1.3
    Checking lazy_static v1.5.0
    Checking hmac v0.12.1
    Checking hyper-util v0.1.20
    Checking sha2 v0.10.9
   Compiling rayon-core v1.13.0
    Checking hkdf v0.12.4
    Checking tinyvec_macros v0.1.1
   Compiling unicase v2.9.0
   Compiling mime_guess v2.0.5
    Checking tinyvec v1.11.0
    Checking allocator-api2 v0.2.21
    Checking unicode-properties v0.1.4
   Compiling thiserror v1.0.69
   Compiling thiserror-impl v1.0.69
   Compiling convert_case v0.10.0
   Compiling erased-serde v0.4.10
    Checking unicode-bidi v0.3.18
   Compiling derive_more-impl v2.1.1
   Compiling cobs v0.3.0
   Compiling heck v0.4.1
   Compiling wasm-bindgen-macro v0.2.125
   Compiling postcard v1.1.3
    Checking js-sys v0.3.102
    Checking webpki-roots v0.26.11
   Compiling bigdecimal v0.4.10
   Compiling rust_decimal v1.42.1
    Checking web-sys v0.3.102
   Compiling zstd-sys v2.0.16+zstd.1.5.7
    Checking http v0.2.12
   Compiling equator-macro v0.4.2
    Checking utf8parse v0.2.2
    Checking tower-layer v0.3.3
   Compiling rustix v1.1.4
    Checking foldhash v0.1.5
    Checking hashbrown v0.15.5
    Checking anstyle-parse v1.0.0
    Checking sync_wrapper v1.0.2
   Compiling indexmap v1.9.3
    Checking base64 v0.21.7
    Checking anstyle-query v1.1.5
    Checking crc-catalog v2.5.0
    Checking is_terminal_polyfill v1.70.2
   Compiling rustls v0.21.12
    Checking anstyle v1.0.14
    Checking colorchoice v1.0.5
    Checking anstream v1.0.0
    Checking crc v3.4.0
    Checking hashlink v0.10.0
    Checking wasm-bindgen-futures v0.4.75
    Checking unicode-normalization v0.1.25
    Checking sharded-slab v0.1.7
    Checking matchers v0.2.0
    Checking tokio-rustls v0.26.4
    Checking tokio-stream v0.1.18
    Checking futures-intrusive v0.5.0
   Compiling convert_case v0.11.0
    Checking rustls-webpki v0.101.7
    Checking sct v0.7.1
    Checking crossbeam-queue v0.3.12
   Compiling darling_core v0.23.0
   Compiling csv-core v0.1.13
    Checking tracing-log v0.2.0
   Compiling slotmap v1.1.1
    Checking thread_local v1.1.9
    Checking dotenvy v0.15.7
    Checking nu-ansi-term v0.50.3
   Compiling zstd-safe v7.2.4
    Checking clap_lex v1.1.0
    Checking clap_builder v4.6.0
    Checking tracing-subscriber v0.3.23
   Compiling csv v1.4.0
    Checking sqlx-core v0.8.6
    Checking stringprep v0.1.5
   Compiling crossbeam-epoch v0.9.18
    Checking tower v0.5.3
    Checking http-body v0.4.6
    Checking h2 v0.3.27
    Checking derive_more v2.1.1
   Compiling clap_derive v4.6.1
    Checking md-5 v0.10.6
    Checking atoi v2.0.0
    Checking whoami v1.6.1
    Checking home v0.5.12
    Checking sqlx-postgres v0.8.6
    Checking hyper v0.14.32
   Compiling codegen-rs v0.1.0 (https://github.com/sayanarijit/codegen-rs#f081d6e1)
   Compiling crossbeam-deque v0.8.6
    Checking tokio-rustls v0.24.1
   Compiling sea-query-derive v0.4.3
   Compiling inherent v1.0.13
    Checking ordered-float v4.6.0
    Checking icondata_core v0.1.0
    Checking or_poisoned v0.1.0
    Checking rustc-hash v2.1.2
   Compiling darling_macro v0.23.0
   Compiling num-rational v0.4.2
    Checking clap v4.6.1
    Checking hyper-rustls v0.24.2
    Checking zstd v0.13.3
    Checking sqlx v0.8.6
    Checking rustls-pemfile v1.0.4
   Compiling proc-macro-utils v0.10.0
   Compiling dumb_csv_macros v0.1.0 (/app/proc-macros/dumb-csv-macros)
   Compiling const_format_proc_macros v0.2.34
   Compiling darling v0.23.0
    Checking throw_error v0.3.1
    Checking sync_wrapper v0.1.2
   Compiling prettyplease v0.2.37
    Checking sea-query v0.32.7
   Compiling radium v0.7.0
   Compiling konst_macro_rules v0.2.19
   Compiling camino v1.2.3
    Checking webpki-roots v0.25.4
    Checking sea-query-binder v0.7.0
    Checking reqwest v0.11.27
   Compiling konst v0.2.20
   Compiling sea-bae v0.2.1
   Compiling ouroboros_macro v0.18.5
   Compiling server_fn_macro v0.8.10
   Compiling reactive_graph v0.2.14
    Checking event-listener-strategy v0.5.4
   Compiling derive-where v1.6.1
   Compiling pin-project-internal v1.1.13
   Compiling async-stream-impl v0.3.6
    Checking send_wrapper v0.6.0
   Compiling ahash v0.8.12
   Compiling multer v3.1.0
    Checking static_assertions v1.1.0
   Compiling unicode-width v0.2.2
   Compiling av-scenechange v0.14.1
    Checking bytemuck v1.25.0
    Checking tap v1.0.1
    Checking aliasable v0.1.3
    Checking wyz v0.5.1
    Checking async-stream v0.3.6
   Compiling sea-orm-macros v1.1.20
    Checking ouroboros v0.18.5
    Checking async-lock v3.4.2
    Checking pin-project v1.1.13
   Compiling const_format v0.2.36
    Checking hydration_context v0.3.0
   Compiling rayon v1.12.0
    Checking any_spawner v0.3.0
   Compiling sea-schema-derive v0.3.0
    Checking ultros-api-types v0.1.0 (/app/ultros-api-types)
   Compiling syn_derive v0.2.0
    Checking serde_path_to_error v0.1.20
    Checking siphasher v1.0.3
    Checking strum v0.26.3
    Checking funty v2.0.0
   Compiling icu_locale_data v2.2.0
   Compiling built v0.8.1
    Checking guardian v1.3.0
    Checking glob v0.3.3
   Compiling xxhash-rust v0.8.15
   Compiling rav1e v0.8.1
    Checking sea-orm-cli v1.1.20
    Checking bitvec v1.1.1
    Checking sea-schema v0.16.2
   Compiling serde_with_macros v3.21.0
   Compiling manyhow-macros v0.11.4
   Compiling quote-use-macros v0.8.4
    Checking sea-orm v1.1.20
   Compiling reactive_stores_macro v0.4.2
    Checking axum-core v0.5.6
    Checking tokio-tungstenite v0.29.0
   Compiling tachys v0.2.15
   Compiling xiv-gen-macros v0.1.0 (/app/proc-macros/xiv-gen-macros)
   Compiling profiling-procmacros v1.0.18
   Compiling axum-macros v0.5.1
   Compiling arg_enum_proc_macro v0.3.4
    Checking serde_bytes v0.11.19
   Compiling pastey v0.1.1
   Compiling linux-raw-sys v0.12.1
    Checking matchit v0.8.4
    Checking new_debug_unreachable v1.0.6
    Checking inventory v0.3.24
    Checking utf8-width v0.1.8
    Checking winnow v1.0.3
    Checking html-escape v0.2.13
    Checking reactive_stores v0.4.3
    Checking toml_parser v1.1.2+spec-1.1.0
    Checking bson v3.1.0
    Checking serde_with v3.21.0
    Checking sea-orm-migration v1.1.20
   Compiling quote-use v0.8.4
   Compiling manyhow v0.11.4
   Compiling xiv-gen v0.1.0 (/app/xiv-gen)
    Checking gloo-utils v0.2.0
    Checking async-tungstenite v0.34.1
   Compiling equator v0.4.2
   Compiling server_fn v0.8.12
    Checking either_of v0.1.9
    Checking oco_ref v0.2.1
    Checking serde_spanned v1.1.1
    Checking toml_datetime v1.1.1+spec-1.1.0
   Compiling icu_plurals_data v2.2.0
   Compiling interpolator v0.5.0
    Checking const_str_slice_concat v0.1.0
    Checking erased v0.1.2
   Compiling same-file v1.0.6
   Compiling collection_literals v1.0.3
    Checking next_tuple v0.1.0
    Checking drain_filter_polyfill v0.1.3
    Checking convert_case v0.6.0
   Compiling attribute-derive-macro v0.10.5
   Compiling walkdir v2.5.0
    Checking toml v1.1.2+spec-1.1.0
    Checking axum v0.8.9
   Compiling aligned-vec v0.6.4
    Checking gloo-net v0.6.0
   Compiling icu_locale v2.2.0
   Compiling server_fn_macro_default v0.8.5
   Compiling rstml v0.12.1
   Compiling dumb_csv v0.1.0 (/app/dumb-csv)
    Checking wasm-streams v0.5.0
    Checking hyper-rustls v0.27.9
   Compiling leptos_macro v0.8.16
    Checking serde_qs v0.15.0
   Compiling num-derive v0.4.2
   Compiling typed-builder-macro v0.23.2
    Checking rapidhash v4.4.1
   Compiling simd_helpers v0.1.0
    Checking const-str v1.1.0
   Compiling noop_proc_macro v0.3.0
    Checking pathdiff v0.2.3
   Compiling base16 v0.2.1
   Compiling leptos_hot_reload v0.8.6
   Compiling wasm_split_macros v0.2.2
    Checking config v0.15.24
    Checking metrics v0.24.6
   Compiling attribute-derive v0.10.5
   Compiling v_frame v0.3.9
    Checking universalis v0.1.0 (/app/universalis)
    Checking migration v0.1.0 (/app/migration)
    Checking typed-builder v0.23.2
   Compiling xattr v1.6.1
   Compiling convert_case_extras v0.2.0
   Compiling fixed_decimal v0.7.2
   Compiling leptos v0.8.19
   Compiling as-slice v0.2.1
    Checking codee v0.3.5
   Compiling filetime v0.2.29
    Checking cmov v0.5.4
    Checking async-once-cell v0.5.4
    Checking alloc-no-stdlib v2.0.4
    Checking wasm_split_helpers v0.2.2
    Checking alloc-stdlib v0.2.4
    Checking ctutils v0.4.2
   Compiling tar v0.4.46
    Checking leptos_server v0.8.7
   Compiling aligned v0.4.3
   Compiling icu_plurals v2.2.0
    Checking leptos_config v0.8.10
    Checking leptos_dom v0.8.8
   Compiling no_std_io2 v0.9.4
   Compiling nom v8.0.0
   Compiling xiv-gen-db v0.1.0 (/app/xiv-gen-db)
   Compiling y4m v0.8.0
   Compiling quick-error v2.0.1
    Checking base64ct v1.8.3
    Checking pem-rfc7468 v0.7.0
   Compiling av1-grain v0.2.5
   Compiling bitstream-io v4.10.0
    Checking hybrid-array v0.4.12
    Checking brotli-decompressor v5.0.3
   Compiling profiling v1.0.18
   Compiling maybe-rayon v0.1.1
   Compiling half v2.7.1
    Checking inout v0.1.4
   Compiling portable-atomic v1.13.1
   Compiling zune-core v0.5.1
   Compiling imgref v1.12.2
   Compiling weezl v0.1.12
   Compiling loop9 v0.1.5
   Compiling zune-jpeg v0.5.15
    Checking cipher v0.4.4
    Checking brotli v8.0.4
    Checking der v0.7.10
   Compiling avif-serialize v0.8.9
    Checking phf_shared v0.11.3
   Compiling zune-inflate v0.2.54
   Compiling fdeflate v0.3.7
    Checking universal-hash v0.5.1
   Compiling rgb v0.8.53
   Compiling bit_field v0.10.3
    Checking opaque-debug v0.3.1
   Compiling color_quant v1.1.0
   Compiling fax v0.2.7
   Compiling pxfm v0.1.29
   Compiling byteorder-lite v0.1.0
    Checking compression-core v0.4.32
   Compiling lebe v0.5.3
   Compiling exr v1.74.0
   Compiling moxcms v0.8.1
    Checking compression-codecs v0.4.38
   Compiling image-webp v0.2.4
   Compiling qoi v0.4.1
   Compiling tiff v0.11.3
   Compiling gif v0.14.2
    Checking polyval v0.6.2
   Compiling ravif v0.13.0
   Compiling png v0.18.1
    Checking spki v0.7.3
    Checking ultros-db v0.1.0 (/app/ultros-db)
   Compiling core_maths v0.1.1
   Compiling console v0.16.3
    Checking raw-cpuid v11.6.0
   Compiling fastrand v2.4.1
   Compiling unit-prefix v0.5.2
   Compiling macro_rules_attribute-proc_macro v0.2.2
   Compiling leb128fmt v0.1.0
   Compiling wasm-encoder v0.252.0
    Checking macro_rules_attribute v0.2.2
   Compiling indicatif v0.18.4
   Compiling tempfile v3.27.0
    Checking quanta v0.12.6
   Compiling calendrical_calculations v0.2.4
    Checking pkcs8 v0.10.2
   Compiling image v0.25.10
    Checking ghash v0.5.1
    Checking async-compression v0.4.42
    Checking ctr v0.9.2
    Checking aes v0.8.4
   Compiling icu_pattern v0.4.2
    Checking aead v0.5.2
   Compiling wasmparser v0.239.0
   Compiling toml_writer v1.1.1+spec-1.1.0
   Compiling write16 v1.0.0
   Compiling utf16_iter v1.0.5
    Checking http-range-header v0.4.2
    Checking never-say-never v6.6.666
   Compiling ucd-trie v0.1.7
   Compiling ixdtf v0.6.5
   Compiling unsafe-libyaml v0.2.11
   Compiling icu_calendar v2.2.1
   Compiling serde_yaml v0.9.34+deprecated
   Compiling json5 v1.3.1
    Checking higher-kinded-types v0.2.1
    Checking tower-http v0.6.11
    Checking aes-gcm v0.10.3
   Compiling icu_decimal v2.2.0
   Compiling wast v252.0.0
    Checking crypto-common v0.2.2
   Compiling wasmi_core v1.1.0
   Compiling serde_derive_internals v0.29.1
   Compiling matrixmultiply v0.3.10
    Checking const-oid v0.10.2
   Compiling icu_provider_registry v2.2.0
    Checking utf-8 v0.7.6
   Compiling siphasher v0.3.11
   Compiling wat v1.252.0
   Compiling phf_shared v0.10.0
   Compiling wasmi_ir v1.1.0
   Compiling clickhouse-macros v0.3.0
   Compiling leptos_i18n_parser v0.6.2
   Compiling ultros-xiv-icons v0.1.0 (/app/ultros-frontend/ultros-xiv-icons)
    Checking polonius-the-crab v0.5.0
   Compiling icu_time v2.2.0
   Compiling icu_casemap v2.2.0
   Compiling icu_list v2.2.0
   Compiling ordered-float v2.10.1
   Compiling leptos_router v0.8.13
    Checking clickhouse-types v0.1.2
   Compiling toml_datetime v0.6.11
   Compiling serde_spanned v0.6.9
    Checking bstr v1.12.1
   Compiling winnow v0.7.15
    Checking lz4_flex v0.11.6
   Compiling rawpointer v0.2.1
    Checking arrayref v0.3.9
   Compiling wasmi_collections v1.1.0
    Checking cityhash-rs v1.0.1
   Compiling zip v2.4.2
    Checking bnum v0.13.0
    Checking clickhouse v0.15.1
   Compiling toml_edit v0.22.27
   Compiling wasmi v1.1.0
   Compiling ureq-proto v0.6.0
   Compiling serde-value v0.7.0
   Compiling icu_experimental v0.5.0
   Compiling icu_datetime v2.2.0
   Compiling leptos_i18n_codegen v0.6.2
   Compiling phf_generator v0.11.3
   Compiling phf_generator v0.10.0
   Compiling icu_collator v2.2.0
   Compiling icu_segmenter v2.2.0
   Compiling num-complex v0.4.6
   Compiling zopfli v0.8.3
   Compiling leptos_router_macro v0.8.6
    Checking ff v0.13.1
   Compiling cookie v0.18.1
   Compiling crlify v1.0.5
    Checking base16ct v0.2.0
   Compiling utf8-zero v0.8.1
   Compiling ureq v3.3.0
    Checking sec1 v0.7.3
   Compiling icu_provider_baked v2.2.0
    Checking group v0.13.0
   Compiling ndarray v0.16.1
   Compiling icu v2.2.0
   Compiling phf_codegen v0.10.0
   Compiling string_cache_codegen v0.5.4
   Compiling serde-aux v4.7.0
   Compiling icu_codepointtrie_builder v0.6.0
   Compiling toml v0.8.23
    Checking leptos_meta v0.8.6
    Checking block-buffer v0.12.1
    Checking safe_arch v0.7.4
    Checking debugid v0.8.0
   Compiling elsa v1.11.2
    Checking signature v2.2.0
    Checking crypto-bigint v0.5.5
    Checking mac v0.1.1
   Compiling twox-hash v2.1.2
    Checking float-cmp v0.9.0
   Compiling parse-zoneinfo v0.5.0
    Checking wide v0.7.33
    Checking elliptic-curve v0.13.8
   Compiling icu_provider_source v2.2.0
    Checking strict-num v0.1.1
    Checking futf v0.1.5
    Checking ttf-parser v0.25.1
    Checking sentry-types v0.48.2
    Checking digest v0.11.3
    Checking leptos_integration_utils v0.8.8
   Compiling markup5ever v0.11.0
   Compiling icu_provider_export v2.2.0
    Checking ultros-clickhouse v0.1.0 (/app/ultros-clickhouse)
    Checking polycool v0.4.0
    Checking unic-langid-impl v0.9.6
    Checking approx v0.5.1
   Compiling openssl-src v300.6.1+3.6.3
    Checking memmap2 v0.9.10
   Compiling vcpkg v0.2.15
   Compiling leptos-use v0.18.3
    Checking precomputed-hash v0.1.1
    Checking roxmltree v0.20.0
   Compiling rustls v0.22.4
   Compiling crunchy v0.2.4
    Checking fontconfig-parser v0.5.8
    Checking string_cache v0.8.9
    Checking simba v0.9.1
   Compiling openssl-sys v0.9.117
   Compiling leptos_i18n_build v0.6.2
    Checking unic-langid v0.9.6
    Checking kurbo v0.13.1
    Checking sentry-core v0.48.2
    Checking leptos_axum v0.8.9
    Checking tendril v0.4.3
    Checking tiny-skia-path v0.12.0
    Checking phf v0.10.1
    Checking der v0.8.0
    Checking phf v0.11.3
    Checking inout v0.2.2
    Checking gloo-timers v0.3.0
    Checking rfc6979 v0.4.0
   Compiling field-iterator-macros v0.1.0 (/app/proc-macros/field-iterator-macros)
   Compiling default-struct-builder v0.5.1
    Checking rustls-webpki v0.102.8
    Checking unicode-bidi-mirroring v0.4.0
    Checking unicode-ccc v0.4.0
   Compiling num-bigint-dig v0.8.6
   Compiling object v0.37.3
    Checking unicode-script v0.5.8
    Checking cpufeatures v0.3.0
    Checking rustybuzz v0.20.1
    Checking ecdsa v0.16.9
    Checking cipher v0.5.2
    Checking isolang v2.4.0
    Checking spki v0.8.0
    Checking svgtypes v0.16.1
    Checking nalgebra v0.33.3
    Checking fontdb v0.23.0
   Compiling leptos_i18n_macro v0.6.2
    Checking reqwest v0.12.28
    Checking icondata_mdi v0.1.0
    Checking icondata_bs v0.1.0
    Checking icondata_vs v0.1.0
    Checking icondata_fa v0.1.0
    Checking icondata_bi v0.1.0
    Checking icondata_io v0.1.0
    Checking icondata_ch v0.1.0
    Checking icondata_ri v0.1.0
    Checking icondata_ai v0.1.0
    Checking icondata_hi v0.2.0
    Checking icondata_wi v0.1.0
    Checking icondata_lu v0.1.0
    Checking icondata_fi v0.1.0
    Checking icondata_ti v0.1.0
    Checking icondata_im v0.1.0
    Checking icondata_cg v0.1.0
    Checking icondata_oc v0.1.0
    Checking icondata_tb v0.1.0
    Checking icondata_si v0.1.0
    Checking ultros-charts v0.1.0 (/app/ultros-frontend/ultros-charts)
    Checking gloo-utils v0.3.0
    Checking serde-wasm-bindgen v0.6.5
    Checking num-iter v0.1.45
   Compiling html5ever v0.26.0
    Checking ownedbytes v0.9.0
    Checking simplecss v0.2.2
    Checking roxmltree v0.21.1
    Checking keccak v0.2.0
    Checking pico-args v0.5.0
    Checking data-url v0.3.2
    Checking xmlwriter v0.1.0
    Checking gimli v0.32.3
    Checking imagesize v0.14.0
    Checking cpubits v0.1.1
    Checking foldhash v0.2.0
    Checking unicode-vo v0.1.0
    Checking usvg v0.47.0
    Checking hashbrown v0.16.1
    Checking aes v0.9.1
    Checking addr2line v0.25.1
    Checking sha3 v0.11.0
    Checking tantivy-common v0.11.0
    Checking leptos_i18n v0.6.2
    Checking gloo-net v0.7.0
    Checking icondata v0.7.0
    Checking bitpacking v0.9.3
    Checking linregress v0.5.4
    Checking timeago v0.6.0
    Checking pkcs8 v0.11.0
    Checking field-iterator v0.1.0 (/app/field-iterator)
    Checking tiny-skia v0.12.0
    Checking flume v0.12.0
    Checking signature v3.0.0
    Checking primeorder v0.13.6
    Checking pkcs1 v0.7.5
    Checking leptos_hotkeys v0.3.0 (https://github.com/slowtec/leptos-hotkeys.git?branch=leptos-0.8#8ecd67c9)
    Checking module-lattice v0.2.3
    Checking gloo-timers v0.4.0
   Compiling synstructure v0.12.6
    Checking openssl-probe v0.2.1
    Checking humantime v2.3.0
    Checking paginate v1.1.11
    Checking rustc-demangle v0.1.27
    Checking thousands v0.2.0
    Checking foreign-types-shared v0.1.1
   Compiling openssl v0.10.81
    Checking colorsys v0.7.3
    Checking utf8-ranges v1.0.5
    Checking tantivy-fst v0.5.0
    Checking foreign-types v0.3.2
    Checking backtrace v0.3.76
    Checking rustls-native-certs v0.8.4
    Checking ml-dsa v0.1.0-rc.11
    Checking rsa v0.9.10
    Checking resvg v0.47.0
    Checking tantivy-bitpacker v0.10.0
    Checking aes-keywrap v0.9.0
    Checking xml5ever v0.17.0
    Checking tokio-rustls v0.25.0
    Checking tungstenite v0.21.0
   Compiling sentry-contexts v0.48.2
   Compiling openssl-macros v0.1.1
   Compiling der_derive v0.4.1
    Checking hmac-sha512 v1.1.12
    Checking hmac-sha256 v1.1.14
    Checking const-oid v0.6.2
    Checking minimal-lexical v0.2.1
    Checking base64 v0.13.1
   Compiling cfg_aliases v0.2.1
    Checking constant_time_eq v0.4.2
   Compiling typetag v0.2.22
    Checking bit-vec v0.6.3
    Checking murmurhash32 v0.3.1
    Checking hashbrown v0.14.5
   Compiling serenity v0.12.5
    Checking ct-codecs v1.1.7
    Checking ed25519-compact v2.3.1
    Checking dashmap v5.5.3
    Checking tantivy-stacker v0.7.0
    Checking bit-set v0.5.3
    Checking blake2b_simd v1.0.4
   Compiling sentry v0.48.2
    Checking pem v0.8.3
    Checking nom v7.1.3
    Checking superboring v0.1.11
    Checking tokio-tungstenite v0.21.0
    Checking markup5ever_rcdom v0.2.0
    Checking tantivy-sstable v0.7.0
    Checking der v0.4.5
    Checking rustls-platform-verifier v0.7.0
    Checking sentry-backtrace v0.48.2
    Checking p256 v0.13.2
    Checking p384 v0.13.1
    Checking k256 v0.13.4
   Compiling bon-macros v3.9.3
    Checking rand_xoshiro v0.7.0
    Checking headers-core v0.3.0
    Checking secrecy v0.8.0
    Checking serde_cow v0.1.2
   Compiling typetag-impl v0.2.22
    Checking left-right v0.11.7
    Checking ordered-float v5.3.0
    Checking uname v0.1.1
    Checking hostname v0.4.2
    Checking coarsetime v0.1.37
    Checking sketches-ddsketch v0.3.1
    Checking typemap_rev v0.3.0
    Checking binstring v0.1.7
    Checking hmac-sha1-compact v1.1.7
    Checking fastdivide v0.4.2
    Checking hashbag v0.1.13
   Compiling metrics-exporter-prometheus v0.18.3
    Checking downcast-rs v2.0.2
    Checking tantivy-columnar v0.7.0
    Checking evmap v11.0.0
    Checking jwt-simple v0.12.16
    Checking metrics-util v0.20.4
    Checking tantivy-query-grammar v0.26.0
    Checking headers v0.4.1
    Checking sentry-panic v0.48.2
    Checking reqwest v0.13.4
    Checking sec1_decode v0.1.0
    Checking select v0.6.1
    Checking lru v0.16.4
    Checking fs4 v0.13.1
   Compiling serenity_poise_macros v0.6.2
    Checking bon v3.9.3
    Checking tantivy-tokenizer-api v0.7.0
    Checking sketches-ddsketch v0.4.0
    Checking rust-stemmers v1.2.0
   Compiling derivative v2.2.0
   Compiling ultros-app v0.1.0 (/app/ultros-frontend/ultros-app)
    Checking arc-swap v1.9.1
    Checking pem v3.0.6
    Checking crossbeam-channel v0.5.15
    Checking measure_time v0.9.0
   Compiling include_dir_macros v0.7.4
    Checking xml-builder v0.5.4
    Checking levenshtein_automata v0.2.1
    Checking census v0.4.2
    Checking trim-in-place v0.1.7
    Checking oneshot v0.1.13
    Checking lz4_flex v0.13.1
    Checking htmlescape v0.3.1
    Checking datasketches v0.2.0
   Compiling ultros v0.1.0 (/app/ultros)
    Checking tantivy v0.26.1
    Checking sitemap-rs v0.4.0
    Checking include_dir v0.7.4
    Checking lodestone v0.5.0 (https://github.com/akarras/lodestone.git?branch=async#192faccd)
    Checking axum-extra v0.12.6
    Checking oauth2 v5.0.0
    Checking sha2 v0.11.0
    Checking poise v0.6.2
    Checking sentry-tracing v0.48.2
    Checking sentry-tower v0.48.2
    Checking isocountry v0.3.2
    Checking envy v0.4.2
    Checking idb v0.6.5
    Checking console_log v1.0.0
    Checking console_error_panic_hook v0.1.7
    Checking rexie v0.6.2
    Checking ece v2.3.1
    Checking web-push v0.11.0
    Checking ultros-client v0.1.0 (/app/ultros-frontend/ultros-client)
    Finished `dev` profile [unoptimized + debuginfo] target(s) in 26m 06s
